==============================================================================
  Leave-one-scene-out CV -- contact detectors
==============================================================================
  building cache (SSD boxes + Tateno residuals, once per scene) ...
    1_man_run                105 frames,    0 pos  (1s)
    1person                   35 frames,    0 pos  (0s)
    1person cig              343 frames,    0 pos  (4s)
    1ppl_single_forever      218 frames,    0 pos  (3s)
    2men_clash               355 frames,   58 pos  (5s)
    2ppl_fight               117 frames,   50 pos  (2s)
    2ppl_hug                 113 frames,   19 pos  (1s)
    2ppl_walk                144 frames,    0 pos  (2s)
    3pp_standing_still        68 frames,    0 pos  (1s)
    3pp_surprise              69 frames,   66 pos  (1s)
    3ppl_dance               133 frames,    0 pos  (2s)
    3pplhedroncolider        240 frames,   53 pos  (4s)
    calibrate_room           146 frames,    0 pos  (2s)
    empty_room               128 frames,    0 pos  (1s)
    heater_in_middle         379 frames,    0 pos  (4s)
    man_light_cig             70 frames,    0 pos  (1s)
    man_light_cig_1           95 frames,    0 pos  (1s)
    the_more_the_merrier     350 frames,    0 pos  (5s)

  positive scenes (folds): ['2men_clash', '2ppl_fight', '2ppl_hug', '3pp_surprise', '3pplhedroncolider']
  total frames=3108 positives=246

  --- fold: test=2men_clash (355 frames, 58 pos) ---
    RBTCT       F1=0.000 P=0.000 R=0.000 ({'attack_frames': 1, 'release_frames': 2}) [0s]
    ThermoX3D   F1=0.286 P=0.167 R=1.000 [323s]
    OR-ensemble F1=0.286 P=0.167 R=1.000

  --- fold: test=2ppl_fight (117 frames, 50 pos) ---
    RBTCT       F1=0.690 P=0.526 R=1.000 ({'attack_frames': 1, 'release_frames': 7}) [0s]
    ThermoX3D   F1=0.613 P=0.442 R=1.000 [346s]
    OR-ensemble F1=0.613 P=0.442 R=1.000

  --- fold: test=2ppl_hug (113 frames, 19 pos) ---
    RBTCT       F1=0.275 P=0.219 R=0.368 ({'attack_frames': 1, 'release_frames': 6}) [0s]
    ThermoX3D   F1=0.000 P=0.000 R=0.000 [412s]
    OR-ensemble F1=0.275 P=0.219 R=0.368

  --- fold: test=3pp_surprise (69 frames, 66 pos) ---
    RBTCT       F1=0.483 P=1.000 R=0.318 ({'attack_frames': 2, 'release_frames': 5}) [0s]
    ThermoX3D   F1=0.947 P=0.954 R=0.939 [355s]
    OR-ensemble F1=0.947 P=0.954 R=0.939

  --- fold: test=3pplhedroncolider (240 frames, 53 pos) ---
    RBTCT       F1=0.393 P=0.251 R=0.906 ({'attack_frames': 1, 'release_frames': 5}) [0s]
    ThermoX3D   F1=0.383 P=0.237 R=1.000 [348s]
    OR-ensemble F1=0.367 P=0.225 R=1.000

==============================================================================
  POOLED (all folds' frames concatenated)
==============================================================================
  RBTCT        pooled F1=0.431 P=0.372 R=0.512 FAR=0.329 | per-fold F1 0.368 +/- 0.229  [0.0, 0.69, 0.27, 0.48, 0.39]
  ThermoX3D    pooled F1=0.448 P=0.297 R=0.907 FAR=0.813 | per-fold F1 0.446 +/- 0.319  [0.29, 0.61, 0.0, 0.95, 0.38]
  OR-ensemble  pooled F1=0.442 P=0.290 R=0.935 FAR=0.870 | per-fold F1 0.497 +/- 0.256  [0.29, 0.61, 0.27, 0.95, 0.37]

  saved -> C:\Users\guych\Desktop\Final Project\Smart-Thermal-System-for-Patient-Safety-Monitoring-dev\reports\contact_cv_results.json
DONE_EXIT_0 
