Diagnostics (crash/signal/hang traces) -> C:\Users\guych\Desktop\Final Project\Smart-Thermal-System-for-Patient-Safety-Monitoring-dev\logs\train_balanced_corpus_diag_20260809_155534.log
Checkpoints -> C:\Users\guych\Desktop\Final Project\Smart-Thermal-System-for-Patient-Safety-Monitoring-dev\checkpoints_balanced
Contact per-chunk loss log -> C:\Users\guych\Desktop\Final Project\Smart-Thermal-System-for-Patient-Safety-Monitoring-dev\logs\train_balanced_contact_losses_20260809_155535.jsonl

=== Training ThermoX3DDetector (train=synth / val=synth+real / test=real) ===
  synth pools: 24 positive items, 16 raw negative runs
  real val scenes (15): ['1_man_run', '1person', '1person cig', '1ppl_single_forever', '2men_clash', '2ppl_walk', '3pp_standing_still', '3pp_surprise', '3ppl_dance', 'calibrate_room', 'empty_room', 'heater_in_middle', 'man_light_cig', 'man_light_cig_1', 'the_more_the_merrier']
  real pools: 9 positive items, 198 negative items
  train (synth only): 20 pos items + 24 neg items
  val   (synth+real): 13 pos items + 202 neg items
  normalisation (synth/train): mean=0.0774 std=0.1034
  normalisation (real/val+test): mean=0.8903 std=0.8935
  [domain gap] real data sits +7.86 sigma from the synth training distribution -- normalising per-source instead of globally
  validation windows: 10070 raw (8218 synth + 1852 real; pos=4358) -> 8716 balanced (pos=4358, neg=4358)
  8 training super-chunks queued
  chunk 1/8: 8329 raw -> 5804 balanced windows (pos=2902), train_loss=0.0680, 0.0s elapsed
  chunk 2/8: 6335 raw -> 4476 balanced windows (pos=2238), train_loss=0.0101, 91.6s elapsed
  chunk 3/8: 5829 raw -> 5510 balanced windows (pos=2755), train_loss=0.0006, 151.3s elapsed
    val_loss=0.8091 (best=inf)
  chunk 4/8: 6512 raw -> 3148 balanced windows (pos=1574), train_loss=0.0410, 255.5s elapsed
  chunk 5/8: 4844 raw -> 3884 balanced windows (pos=1942), train_loss=0.0012, 308.2s elapsed
  [checkpoint] saved after 5 chunks -> C:\Users\guych\Desktop\Final Project\Smart-Thermal-System-for-Patient-Safety-Monitoring-dev\checkpoints_balanced\thermo_x3d_detector\Waveshare_26984.thalg
  chunk 6/8: 2864 raw -> 908 balanced windows (pos=454), train_loss=0.0004, 361.7s elapsed
    val_loss=1.2292 (best=0.8091)
  chunk 7/8: 4843 raw -> 4226 balanced windows (pos=2113), train_loss=0.0085, 407.5s elapsed
  chunk 8/8: SKIPPED -- cannot balance (0 pos / 3074 neg raw windows; one class absent)
  restored best-val-loss state (val_loss=0.8091)
    WARNING: no grid point reached precision >= 0.8 on the validation set -- falling back to the unconstrained best-F1 config (precision=0.109). Treat this checkpoint's calibration as provisional; the validation set may be too small/unrepresentative.
  recalibrated on REAL val data: conf_threshold=0.9, persistence_frames=3 (real-val F1=0.193, prec=0.109, rec=0.855)

ThermoX3DDetector done (all chunks processed) -- 7 chunks, 13978 positive / 13978 negative windows -- saved -> C:\Users\guych\Desktop\Final Project\Smart-Thermal-System-for-Patient-Safety-Monitoring-dev\checkpoints_balanced\thermo_x3d_detector\Waveshare_26984.thalg

Available checkpoints:
  fire_svm_detector / invariant
  hog_svm_detector / Waveshare_26984
  mobilenet_ssd_detector / Waveshare_26984
  thermo_x3d_detector / Waveshare_26984
DONE_EXIT_0 
