Diagnostics (crash/signal/hang traces) -> C:\Users\guych\Desktop\Final Project\Smart-Thermal-System-for-Patient-Safety-Monitoring-dev\logs\train_balanced_corpus_diag_20260808_231316.log
Checkpoints -> C:\Users\guych\Desktop\Final Project\Smart-Thermal-System-for-Patient-Safety-Monitoring-dev\checkpoints_balanced

=== Training human detectors on a balanced (50/50) pool ===
  balanced human pool: {'n_pos_available': 6077, 'n_neg_available': 838, 'n_used_each': 838, 'n_total': 1676}
  HOGSVMDetector fit() done in 10.8s -- saved -> C:\Users\guych\Desktop\Final Project\Smart-Thermal-System-for-Patient-Safety-Monitoring-dev\checkpoints_balanced\hog_svm_detector\Waveshare_26984.thalg
epoch   1/50  loss=4.7027  cls=2.7702  loc=1.9325
epoch   2/50  loss=3.6610  cls=2.1730  loc=1.4881
epoch   3/50  loss=3.4458  cls=2.0409  loc=1.4049
epoch   4/50  loss=3.3174  cls=1.9774  loc=1.3400
epoch   5/50  loss=3.1786  cls=1.8815  loc=1.2971
epoch   6/50  loss=3.1305  cls=1.8446  loc=1.2859
epoch   7/50  loss=3.0909  cls=1.8492  loc=1.2417
epoch   8/50  loss=2.9609  cls=1.7488  loc=1.2121
epoch   9/50  loss=2.9594  cls=1.7668  loc=1.1927
epoch  10/50  loss=2.8642  cls=1.6979  loc=1.1663
epoch  11/50  loss=2.7890  cls=1.6615  loc=1.1275
epoch  12/50  loss=2.8212  cls=1.6825  loc=1.1387
epoch  13/50  loss=2.7388  cls=1.6180  loc=1.1208
epoch  14/50  loss=2.7123  cls=1.6007  loc=1.1116
epoch  15/50  loss=2.7348  cls=1.6296  loc=1.1052
epoch  16/50  loss=2.6707  cls=1.5928  loc=1.0779
epoch  17/50  loss=2.6609  cls=1.5839  loc=1.0770
epoch  18/50  loss=2.6626  cls=1.5769  loc=1.0857
epoch  19/50  loss=2.6134  cls=1.5478  loc=1.0656
epoch  20/50  loss=2.5954  cls=1.5446  loc=1.0507
epoch  21/50  loss=2.5432  cls=1.5079  loc=1.0354
epoch  22/50  loss=2.5358  cls=1.4983  loc=1.0374
epoch  23/50  loss=2.5400  cls=1.4899  loc=1.0501
epoch  24/50  loss=2.5242  cls=1.4790  loc=1.0452
epoch  25/50  loss=2.5050  cls=1.4617  loc=1.0433
epoch  26/50  loss=2.4959  cls=1.4714  loc=1.0245
epoch  27/50  loss=2.5423  cls=1.5239  loc=1.0184
epoch  28/50  loss=2.4686  cls=1.4548  loc=1.0138
epoch  29/50  loss=2.4667  cls=1.4621  loc=1.0046
epoch  30/50  loss=2.4293  cls=1.4409  loc=0.9884
epoch  31/50  loss=2.4426  cls=1.4294  loc=1.0132
epoch  32/50  loss=2.4115  cls=1.4214  loc=0.9902
epoch  33/50  loss=2.4015  cls=1.4103  loc=0.9911
epoch  34/50  loss=2.3469  cls=1.3913  loc=0.9556
epoch  35/50  loss=2.3682  cls=1.3903  loc=0.9779
epoch  36/50  loss=2.3533  cls=1.3803  loc=0.9730
epoch  37/50  loss=2.3776  cls=1.4004  loc=0.9772
epoch  38/50  loss=2.3402  cls=1.3699  loc=0.9703
epoch  39/50  loss=2.3301  cls=1.3634  loc=0.9667
epoch  40/50  loss=2.3101  cls=1.3653  loc=0.9448
epoch  41/50  loss=2.3112  cls=1.3406  loc=0.9707
epoch  42/50  loss=2.2883  cls=1.3384  loc=0.9499
epoch  43/50  loss=2.3042  cls=1.3501  loc=0.9541
epoch  44/50  loss=2.3215  cls=1.3597  loc=0.9618
epoch  45/50  loss=2.2516  cls=1.3145  loc=0.9371
epoch  46/50  loss=2.2670  cls=1.3336  loc=0.9334
epoch  47/50  loss=2.2795  cls=1.3489  loc=0.9306
epoch  48/50  loss=2.2507  cls=1.3062  loc=0.9445
epoch  49/50  loss=2.2581  cls=1.3239  loc=0.9342
epoch  50/50  loss=2.2012  cls=1.2719  loc=0.9293
  MobileNetSSDDetector fit() done in 1860.1s -- saved -> C:\Users\guych\Desktop\Final Project\Smart-Thermal-System-for-Patient-Safety-Monitoring-dev\checkpoints_balanced\mobilenet_ssd_detector\Waveshare_26984.thalg

Available checkpoints:
  hog_svm_detector / Waveshare_26984
  mobilenet_ssd_detector / Waveshare_26984
  thermo_x3d_detector / Waveshare_26984
DONE_EXIT_0 
