Diagnostics (crash/signal/hang traces) -> C:\Users\guych\Desktop\Final Project\Smart-Thermal-System-for-Patient-Safety-Monitoring-dev\logs\train_full_corpus_diag_20260808_000443.log
waveshare fire split: 14 train scenes / 3 test scenes = ['1person cig', '1ppl_single_forever', 'man_light_cig']
waveshare human split: 14 train scenes / 3 test scenes = ['2ppl_hug', '3pplhedroncolider', 'man_light_cig_1']
waveshare contact split: 14 train scenes / 3 test scenes = ['2ppl_fight', '2ppl_hug', '3pplhedroncolider']
Checkpoints -> C:\Users\guych\Desktop\Final Project\Smart-Thermal-System-for-Patient-Safety-Monitoring-dev\checkpoints_full_corpus

=== Training FireSVMDetector on the full corpus (subsampled) ===
  fire_per_camera_samples=1500 (sklearn's SVC is more-than-quadratic in sample count and explicitly unsuited past a couple of 10,000 samples -- the full ~31M-frame corpus is not tractable for it; see thermal_algorithms/training/full_corpus.py:stream_fire_examples_subsampled)
C:\Users\guych\Desktop\Final Project\Smart-Thermal-System-for-Patient-Safety-Monitoring-dev\.venv\Lib\site-packages\sklearn\svm\_base.py:239: FutureWarning: The `probability` parameter was deprecated in 1.9 and will be removed in version 1.11. Use `CalibratedClassifierCV(SVC(), ensemble=False)` instead of `SVC(probability=True)`
  warnings.warn(
  fit() done in 481.3s
  saved -> C:\Users\guych\Desktop\Final Project\Smart-Thermal-System-for-Patient-Safety-Monitoring-dev\checkpoints_full_corpus\fire_svm_detector\_default.thalg

--- FireSVMDetector held-out eval (waveshare test scenes) ---
------------------------------------------------------------------------------------------------------------
Folder Name                              Mode     IoU   Accuracy  Precision   Recall       F1  Correct/Total
------------------------------------------------------------------------------------------------------------
1person cig                              full_corpus    0.0%      52.0%      58.6%    14.5%    23.3%  535/1029
1ppl_single_forever                      full_corpus    0.0%      98.8%       0.0%     0.0%     0.0%  646/654
man_light_cig                            full_corpus    0.0%      83.3%      90.0%    20.9%    34.0%  175/210
------------------------------------------------------------------------------------------------------------

=== Training human detectors on waveshare_work (train scenes only) ===
  6915 labeled waveshare frames
  HOGSVMDetector fit() done in 94.1s -- saved -> C:\Users\guych\Desktop\Final Project\Smart-Thermal-System-for-Patient-Safety-Monitoring-dev\checkpoints_full_corpus\hog_svm_detector\Waveshare_26984.thalg
epoch   1/50  loss=3.3298  cls=1.9010  loc=1.4288
epoch   2/50  loss=2.7531  cls=1.5676  loc=1.1855
epoch   3/50  loss=2.5853  cls=1.4684  loc=1.1169
epoch   4/50  loss=2.4859  cls=1.4113  loc=1.0745
